// Jest Snapshot v1, https://goo.gl/fbAQLP

exports[`Login matches snapshot 1`] = `
ShallowWrapper {
  "length": 1,
  Symbol(enzyme.__root__): [Circular],
  Symbol(enzyme.__unrendered__): <Login />,
  Symbol(enzyme.__renderer__): Object {
    "batchedUpdates": [Function],
    "getNode": [Function],
    "render": [Function],
    "simulateEvent": [Function],
    "unmount": [Function],
  },
  Symbol(enzyme.__node__): Object {
    "instance": null,
    "key": undefined,
    "nodeType": "host",
    "props": Object {
      "children": Array [
        <Header />,
        <glamorous.Div
          className="md-cell md-cell--6"
          margin="auto"
          marginTop="30px"
>
          <Paper
                    component="div"
                    zDepth={1}
          >
                    <Toolbar
                              colored={true}
                              component="header"
                              singleColor={true}
                              title="Enter Login Credentials"
                    />
                    <Connect(ReduxForm) />
          </Paper>
</glamorous.Div>,
      ],
    },
    "ref": null,
    "rendered": Array [
      Object {
        "instance": null,
        "key": undefined,
        "nodeType": "function",
        "props": Object {},
        "ref": null,
        "rendered": null,
        "type": [Function],
      },
      Object {
        "instance": null,
        "key": undefined,
        "nodeType": "class",
        "props": Object {
          "children": <Paper
            component="div"
            zDepth={1}
>
            <Toolbar
                        colored={true}
                        component="header"
                        singleColor={true}
                        title="Enter Login Credentials"
            />
            <Connect(ReduxForm) />
</Paper>,
          "className": "md-cell md-cell--6",
          "margin": "auto",
          "marginTop": "30px",
        },
        "ref": null,
        "rendered": Object {
          "instance": null,
          "key": undefined,
          "nodeType": "class",
          "props": Object {
            "children": Array [
              <Toolbar
                colored={true}
                component="header"
                singleColor={true}
                title="Enter Login Credentials"
/>,
              <Connect(ReduxForm) />,
            ],
            "component": "div",
            "zDepth": 1,
          },
          "ref": null,
          "rendered": Array [
            Object {
              "instance": null,
              "key": undefined,
              "nodeType": "class",
              "props": Object {
                "colored": true,
                "component": "header",
                "singleColor": true,
                "title": "Enter Login Credentials",
              },
              "ref": null,
              "rendered": null,
              "type": [Function],
            },
            Object {
              "instance": null,
              "key": undefined,
              "nodeType": "class",
              "props": Object {},
              "ref": null,
              "rendered": null,
              "type": [Function],
            },
          ],
          "type": [Function],
        },
        "type": [Function],
      },
    ],
    "type": "div",
  },
  Symbol(enzyme.__nodes__): Array [
    Object {
      "instance": null,
      "key": undefined,
      "nodeType": "host",
      "props": Object {
        "children": Array [
          <Header />,
          <glamorous.Div
            className="md-cell md-cell--6"
            margin="auto"
            marginTop="30px"
>
            <Paper
                        component="div"
                        zDepth={1}
            >
                        <Toolbar
                                    colored={true}
                                    component="header"
                                    singleColor={true}
                                    title="Enter Login Credentials"
                        />
                        <Connect(ReduxForm) />
            </Paper>
</glamorous.Div>,
        ],
      },
      "ref": null,
      "rendered": Array [
        Object {
          "instance": null,
          "key": undefined,
          "nodeType": "function",
          "props": Object {},
          "ref": null,
          "rendered": null,
          "type": [Function],
        },
        Object {
          "instance": null,
          "key": undefined,
          "nodeType": "class",
          "props": Object {
            "children": <Paper
              component="div"
              zDepth={1}
>
              <Toolbar
                            colored={true}
                            component="header"
                            singleColor={true}
                            title="Enter Login Credentials"
              />
              <Connect(ReduxForm) />
</Paper>,
            "className": "md-cell md-cell--6",
            "margin": "auto",
            "marginTop": "30px",
          },
          "ref": null,
          "rendered": Object {
            "instance": null,
            "key": undefined,
            "nodeType": "class",
            "props": Object {
              "children": Array [
                <Toolbar
                  colored={true}
                  component="header"
                  singleColor={true}
                  title="Enter Login Credentials"
/>,
                <Connect(ReduxForm) />,
              ],
              "component": "div",
              "zDepth": 1,
            },
            "ref": null,
            "rendered": Array [
              Object {
                "instance": null,
                "key": undefined,
                "nodeType": "class",
                "props": Object {
                  "colored": true,
                  "component": "header",
                  "singleColor": true,
                  "title": "Enter Login Credentials",
                },
                "ref": null,
                "rendered": null,
                "type": [Function],
              },
              Object {
                "instance": null,
                "key": undefined,
                "nodeType": "class",
                "props": Object {},
                "ref": null,
                "rendered": null,
                "type": [Function],
              },
            ],
            "type": [Function],
          },
          "type": [Function],
        },
      ],
      "type": "div",
    },
  ],
  Symbol(enzyme.__options__): Object {
    "adapter": ReactSixteenAdapter {
      "options": Object {
        "enableComponentDidUpdateOnSetState": true,
      },
    },
  },
}
`;
