// Jest Snapshot v1, https://goo.gl/fbAQLP

exports[`NoMatch matches snapshot 1`] = `
ReactWrapper {
  "length": 1,
  Symbol(enzyme.__unrendered__): <NoMatch
    location={
        Object {
            "pathname": "/foo",
          }
    }
/>,
  Symbol(enzyme.__renderer__): Object {
    "batchedUpdates": [Function],
    "getNode": [Function],
    "render": [Function],
    "simulateEvent": [Function],
    "unmount": [Function],
  },
  Symbol(enzyme.__root__): [Circular],
  Symbol(enzyme.__node__): Object {
    "instance": null,
    "key": undefined,
    "nodeType": "function",
    "props": Object {
      "location": Object {
        "pathname": "/foo",
      },
    },
    "ref": null,
    "rendered": Object {
      "instance": <div>
        <h3>
                No match for 
                <code>
                        /foo
                </code>
        </h3>
</div>,
      "key": undefined,
      "nodeType": "host",
      "props": Object {
        "children": <h3>
          No match for 
          <code>
                    /foo
          </code>
</h3>,
      },
      "ref": null,
      "rendered": Array [
        Object {
          "instance": <h3>
            No match for 
            <code>
                        /foo
            </code>
</h3>,
          "key": undefined,
          "nodeType": "host",
          "props": Object {
            "children": Array [
              "No match for ",
              <code>
                /foo
</code>,
            ],
          },
          "ref": null,
          "rendered": Array [
            "No match for ",
            Object {
              "instance": <code>
                /foo
</code>,
              "key": undefined,
              "nodeType": "host",
              "props": Object {
                "children": "/foo",
              },
              "ref": null,
              "rendered": Array [
                "/foo",
              ],
              "type": "code",
            },
          ],
          "type": "h3",
        },
      ],
      "type": "div",
    },
    "type": [Function],
  },
  Symbol(enzyme.__nodes__): Array [
    Object {
      "instance": null,
      "key": undefined,
      "nodeType": "function",
      "props": Object {
        "location": Object {
          "pathname": "/foo",
        },
      },
      "ref": null,
      "rendered": Object {
        "instance": <div>
          <h3>
                    No match for 
                    <code>
                              /foo
                    </code>
          </h3>
</div>,
        "key": undefined,
        "nodeType": "host",
        "props": Object {
          "children": <h3>
            No match for 
            <code>
                        /foo
            </code>
</h3>,
        },
        "ref": null,
        "rendered": Array [
          Object {
            "instance": <h3>
              No match for 
              <code>
                            /foo
              </code>
</h3>,
            "key": undefined,
            "nodeType": "host",
            "props": Object {
              "children": Array [
                "No match for ",
                <code>
                  /foo
</code>,
              ],
            },
            "ref": null,
            "rendered": Array [
              "No match for ",
              Object {
                "instance": <code>
                  /foo
</code>,
                "key": undefined,
                "nodeType": "host",
                "props": Object {
                  "children": "/foo",
                },
                "ref": null,
                "rendered": Array [
                  "/foo",
                ],
                "type": "code",
              },
            ],
            "type": "h3",
          },
        ],
        "type": "div",
      },
      "type": [Function],
    },
  ],
  Symbol(enzyme.__options__): Object {
    "adapter": ReactSixteenAdapter {
      "options": Object {
        "enableComponentDidUpdateOnSetState": true,
      },
    },
  },
}
`;
